Archive member included to satisfy reference by file (symbol)

c:/users/andrada zoltan/documents/eclipse/eclipse/plugins/fr.ac6.mcu.externaltools.arm-none.win32_1.13.3.201707031232/tools/compiler/bin/../lib/gcc/arm-none-eabi/5.4.1/../../../../arm-none-eabi/lib/armv7e-m/fpu\libc_nano.a(lib_a-exit.o)
                              c:/users/andrada zoltan/documents/eclipse/eclipse/plugins/fr.ac6.mcu.externaltools.arm-none.win32_1.13.3.201707031232/tools/compiler/bin/../lib/gcc/arm-none-eabi/5.4.1/../../../../arm-none-eabi/lib/armv7e-m/fpu/crt0.o (exit)
c:/users/andrada zoltan/documents/eclipse/eclipse/plugins/fr.ac6.mcu.externaltools.arm-none.win32_1.13.3.201707031232/tools/compiler/bin/../lib/gcc/arm-none-eabi/5.4.1/../../../../arm-none-eabi/lib/armv7e-m/fpu\libc_nano.a(lib_a-impure.o)
                              c:/users/andrada zoltan/documents/eclipse/eclipse/plugins/fr.ac6.mcu.externaltools.arm-none.win32_1.13.3.201707031232/tools/compiler/bin/../lib/gcc/arm-none-eabi/5.4.1/../../../../arm-none-eabi/lib/armv7e-m/fpu\libc_nano.a(lib_a-exit.o) (_global_impure_ptr)
c:/users/andrada zoltan/documents/eclipse/eclipse/plugins/fr.ac6.mcu.externaltools.arm-none.win32_1.13.3.201707031232/tools/compiler/bin/../lib/gcc/arm-none-eabi/5.4.1/../../../../arm-none-eabi/lib/armv7e-m/fpu\libc_nano.a(lib_a-init.o)
                              c:/users/andrada zoltan/documents/eclipse/eclipse/plugins/fr.ac6.mcu.externaltools.arm-none.win32_1.13.3.201707031232/tools/compiler/bin/../lib/gcc/arm-none-eabi/5.4.1/../../../../arm-none-eabi/lib/armv7e-m/fpu/crt0.o (__libc_init_array)
c:/users/andrada zoltan/documents/eclipse/eclipse/plugins/fr.ac6.mcu.externaltools.arm-none.win32_1.13.3.201707031232/tools/compiler/bin/../lib/gcc/arm-none-eabi/5.4.1/../../../../arm-none-eabi/lib/armv7e-m/fpu\libc_nano.a(lib_a-itoa.o)
                              Src/main.o (itoa)
c:/users/andrada zoltan/documents/eclipse/eclipse/plugins/fr.ac6.mcu.externaltools.arm-none.win32_1.13.3.201707031232/tools/compiler/bin/../lib/gcc/arm-none-eabi/5.4.1/../../../../arm-none-eabi/lib/armv7e-m/fpu\libc_nano.a(lib_a-memset.o)
                              c:/users/andrada zoltan/documents/eclipse/eclipse/plugins/fr.ac6.mcu.externaltools.arm-none.win32_1.13.3.201707031232/tools/compiler/bin/../lib/gcc/arm-none-eabi/5.4.1/../../../../arm-none-eabi/lib/armv7e-m/fpu/crt0.o (memset)
c:/users/andrada zoltan/documents/eclipse/eclipse/plugins/fr.ac6.mcu.externaltools.arm-none.win32_1.13.3.201707031232/tools/compiler/bin/../lib/gcc/arm-none-eabi/5.4.1/../../../../arm-none-eabi/lib/armv7e-m/fpu\libc_nano.a(lib_a-strcat.o)
                              Src/main.o (strcat)
c:/users/andrada zoltan/documents/eclipse/eclipse/plugins/fr.ac6.mcu.externaltools.arm-none.win32_1.13.3.201707031232/tools/compiler/bin/../lib/gcc/arm-none-eabi/5.4.1/../../../../arm-none-eabi/lib/armv7e-m/fpu\libc_nano.a(lib_a-strcpy.o)
                              Src/main.o (strcpy)
c:/users/andrada zoltan/documents/eclipse/eclipse/plugins/fr.ac6.mcu.externaltools.arm-none.win32_1.13.3.201707031232/tools/compiler/bin/../lib/gcc/arm-none-eabi/5.4.1/../../../../arm-none-eabi/lib/armv7e-m/fpu\libc_nano.a(lib_a-strlen.o)
                              Src/main.o (strlen)
c:/users/andrada zoltan/documents/eclipse/eclipse/plugins/fr.ac6.mcu.externaltools.arm-none.win32_1.13.3.201707031232/tools/compiler/bin/../lib/gcc/arm-none-eabi/5.4.1/../../../../arm-none-eabi/lib/armv7e-m/fpu\libc_nano.a(lib_a-utoa.o)
                              c:/users/andrada zoltan/documents/eclipse/eclipse/plugins/fr.ac6.mcu.externaltools.arm-none.win32_1.13.3.201707031232/tools/compiler/bin/../lib/gcc/arm-none-eabi/5.4.1/../../../../arm-none-eabi/lib/armv7e-m/fpu\libc_nano.a(lib_a-itoa.o) (__utoa)
c:/users/andrada zoltan/documents/eclipse/eclipse/plugins/fr.ac6.mcu.externaltools.arm-none.win32_1.13.3.201707031232/tools/compiler/bin/../lib/gcc/arm-none-eabi/5.4.1/../../../../arm-none-eabi/lib/armv7e-m/fpu\libnosys.a(_exit.o)
                              c:/users/andrada zoltan/documents/eclipse/eclipse/plugins/fr.ac6.mcu.externaltools.arm-none.win32_1.13.3.201707031232/tools/compiler/bin/../lib/gcc/arm-none-eabi/5.4.1/../../../../arm-none-eabi/lib/armv7e-m/fpu\libc_nano.a(lib_a-exit.o) (_exit)

Allocating common symbols
Common symbol       size              file

uwTick              0x4               Drivers/STM32F4xx_HAL_Driver/Src/stm32f4xx_hal.o
pFlash              0x20              Drivers/STM32F4xx_HAL_Driver/Src/stm32f4xx_hal_flash.o
STM_A               0x41              Src/main.o
huart1              0x40              Src/main.o
STM_B               0x41              Src/main.o
STM_C               0x41              Src/main.o
huart6              0x40              Src/main.o
huart2              0x40              Src/main.o

Discarded input sections

[...]
Memory Configuration

Name             Origin             Length             Attributes
RAM              0x20000000         0x00018000         xrw
FLASH            0x08000000         0x00080000         xr
*default*        0x00000000         0xffffffff

Linker script and memory map

LOAD c:/users/andrada zoltan/documents/eclipse/eclipse/plugins/fr.ac6.mcu.externaltools.arm-none.win32_1.13.3.201707031232/tools/compiler/bin/../lib/gcc/arm-none-eabi/5.4.1/armv7e-m/fpu/crti.o
LOAD c:/users/andrada zoltan/documents/eclipse/eclipse/plugins/fr.ac6.mcu.externaltools.arm-none.win32_1.13.3.201707031232/tools/compiler/bin/../lib/gcc/arm-none-eabi/5.4.1/armv7e-m/fpu/crtbegin.o
LOAD c:/users/andrada zoltan/documents/eclipse/eclipse/plugins/fr.ac6.mcu.externaltools.arm-none.win32_1.13.3.201707031232/tools/compiler/bin/../lib/gcc/arm-none-eabi/5.4.1/../../../../arm-none-eabi/lib/armv7e-m/fpu/crt0.o
LOAD Drivers/STM32F4xx_HAL_Driver/Src/stm32f4xx_hal.o
LOAD Drivers/STM32F4xx_HAL_Driver/Src/stm32f4xx_hal_cortex.o
LOAD Drivers/STM32F4xx_HAL_Driver/Src/stm32f4xx_hal_dma.o
LOAD Drivers/STM32F4xx_HAL_Driver/Src/stm32f4xx_hal_dma_ex.o
LOAD Drivers/STM32F4xx_HAL_Driver/Src/stm32f4xx_hal_flash.o
LOAD Drivers/STM32F4xx_HAL_Driver/Src/stm32f4xx_hal_flash_ex.o
LOAD Drivers/STM32F4xx_HAL_Driver/Src/stm32f4xx_hal_flash_ramfunc.o
LOAD Drivers/STM32F4xx_HAL_Driver/Src/stm32f4xx_hal_gpio.o
LOAD Drivers/STM32F4xx_HAL_Driver/Src/stm32f4xx_hal_pwr.o
LOAD Drivers/STM32F4xx_HAL_Driver/Src/stm32f4xx_hal_pwr_ex.o
LOAD Drivers/STM32F4xx_HAL_Driver/Src/stm32f4xx_hal_rcc.o
LOAD Drivers/STM32F4xx_HAL_Driver/Src/stm32f4xx_hal_rcc_ex.o
LOAD Drivers/STM32F4xx_HAL_Driver/Src/stm32f4xx_hal_tim.o
LOAD Drivers/STM32F4xx_HAL_Driver/Src/stm32f4xx_hal_tim_ex.o
LOAD Drivers/STM32F4xx_HAL_Driver/Src/stm32f4xx_hal_uart.o
LOAD Src/main.o
LOAD Src/stm32f4xx_hal_msp.o
LOAD Src/stm32f4xx_it.o
LOAD Src/system_stm32f4xx.o
LOAD startup/startup_stm32f401xe.o
LOAD c:/users/andrada zoltan/documents/eclipse/eclipse/plugins/fr.ac6.mcu.externaltools.arm-none.win32_1.13.3.201707031232/tools/compiler/bin/../lib/gcc/arm-none-eabi/5.4.1/../../../../arm-none-eabi/lib/armv7e-m/fpu\libm.a
START GROUP
LOAD c:/users/andrada zoltan/documents/eclipse/eclipse/plugins/fr.ac6.mcu.externaltools.arm-none.win32_1.13.3.201707031232/tools/compiler/bin/../lib/gcc/arm-none-eabi/5.4.1/armv7e-m/fpu\libgcc.a
LOAD c:/users/andrada zoltan/documents/eclipse/eclipse/plugins/fr.ac6.mcu.externaltools.arm-none.win32_1.13.3.201707031232/tools/compiler/bin/../lib/gcc/arm-none-eabi/5.4.1/../../../../arm-none-eabi/lib/armv7e-m/fpu\libc_nano.a
END GROUP
START GROUP
LOAD c:/users/andrada zoltan/documents/eclipse/eclipse/plugins/fr.ac6.mcu.externaltools.arm-none.win32_1.13.3.201707031232/tools/compiler/bin/../lib/gcc/arm-none-eabi/5.4.1/armv7e-m/fpu\libgcc.a
LOAD c:/users/andrada zoltan/documents/eclipse/eclipse/plugins/fr.ac6.mcu.externaltools.arm-none.win32_1.13.3.201707031232/tools/compiler/bin/../lib/gcc/arm-none-eabi/5.4.1/../../../../arm-none-eabi/lib/armv7e-m/fpu\libc_nano.a
LOAD c:/users/andrada zoltan/documents/eclipse/eclipse/plugins/fr.ac6.mcu.externaltools.arm-none.win32_1.13.3.201707031232/tools/compiler/bin/../lib/gcc/arm-none-eabi/5.4.1/../../../../arm-none-eabi/lib/armv7e-m/fpu\libnosys.a
END GROUP
START GROUP
LOAD c:/users/andrada zoltan/documents/eclipse/eclipse/plugins/fr.ac6.mcu.externaltools.arm-none.win32_1.13.3.201707031232/tools/compiler/bin/../lib/gcc/arm-none-eabi/5.4.1/armv7e-m/fpu\libgcc.a
LOAD c:/users/andrada zoltan/documents/eclipse/eclipse/plugins/fr.ac6.mcu.externaltools.arm-none.win32_1.13.3.201707031232/tools/compiler/bin/../lib/gcc/arm-none-eabi/5.4.1/../../../../arm-none-eabi/lib/armv7e-m/fpu\libc_nano.a
LOAD c:/users/andrada zoltan/documents/eclipse/eclipse/plugins/fr.ac6.mcu.externaltools.arm-none.win32_1.13.3.201707031232/tools/compiler/bin/../lib/gcc/arm-none-eabi/5.4.1/../../../../arm-none-eabi/lib/armv7e-m/fpu\libnosys.a
END GROUP
LOAD c:/users/andrada zoltan/documents/eclipse/eclipse/plugins/fr.ac6.mcu.externaltools.arm-none.win32_1.13.3.201707031232/tools/compiler/bin/../lib/gcc/arm-none-eabi/5.4.1/armv7e-m/fpu/crtend.o
LOAD c:/users/andrada zoltan/documents/eclipse/eclipse/plugins/fr.ac6.mcu.externaltools.arm-none.win32_1.13.3.201707031232/tools/compiler/bin/../lib/gcc/arm-none-eabi/5.4.1/armv7e-m/fpu/crtn.o
                0x20018000                _estack = 0x20018000
                0x00000200                _Min_Heap_Size = 0x200
                0x00000400                _Min_Stack_Size = 0x400

.isr_vector     0x08000000      0x194
                0x08000000                . = ALIGN (0x4)
 *(.isr_vector)
 .isr_vector    0x08000000      0x194 startup/startup_stm32f401xe.o
                0x08000000                g_pfnVectors
                0x08000194                . = ALIGN (0x4)

.text           0x08000194     0x1740
                0x08000194                . = ALIGN (0x4)
 *(.text)
 .text          0x08000194       0x5c c:/users/andrada zoltan/documents/eclipse/eclipse/plugins/fr.ac6.mcu.externaltools.arm-none.win32_1.13.3.201707031232/tools/compiler/bin/../lib/gcc/arm-none-eabi/5.4.1/armv7e-m/fpu/crtbegin.o
 .text          0x080001f0       0x10 c:/users/andrada zoltan/documents/eclipse/eclipse/plugins/fr.ac6.mcu.externaltools.arm-none.win32_1.13.3.201707031232/tools/compiler/bin/../lib/gcc/arm-none-eabi/5.4.1/../../../../arm-none-eabi/lib/armv7e-m/fpu\libc_nano.a(lib_a-strlen.o)
                0x080001f0                strlen
 *(.text*)
 .text.HAL_InitTick
                0x08000200       0x2c Drivers/STM32F4xx_HAL_Driver/Src/stm32f4xx_hal.o
                0x08000200                HAL_InitTick
 .text.HAL_Init
                0x0800022c       0x34 Drivers/STM32F4xx_HAL_Driver/Src/stm32f4xx_hal.o
                0x0800022c                HAL_Init
 .text.HAL_IncTick
                0x08000260       0x10 Drivers/STM32F4xx_HAL_Driver/Src/stm32f4xx_hal.o
                0x08000260                HAL_IncTick
 .text.HAL_GetTick
                0x08000270        0xc Drivers/STM32F4xx_HAL_Driver/Src/stm32f4xx_hal.o
                0x08000270                HAL_GetTick
 .text.HAL_Delay
                0x0800027c       0x24 Drivers/STM32F4xx_HAL_Driver/Src/stm32f4xx_hal.o
                0x0800027c                HAL_Delay
 .text.HAL_NVIC_SetPriorityGrouping
                0x080002a0       0x24 Drivers/STM32F4xx_HAL_Driver/Src/stm32f4xx_hal_cortex.o
                0x080002a0                HAL_NVIC_SetPriorityGrouping
 .text.HAL_NVIC_SetPriority
                0x080002c4       0x64 Drivers/STM32F4xx_HAL_Driver/Src/stm32f4xx_hal_cortex.o
                0x080002c4                HAL_NVIC_SetPriority
 .text.HAL_SYSTICK_Config
                0x08000328       0x2c Drivers/STM32F4xx_HAL_Driver/Src/stm32f4xx_hal_cortex.o
                0x08000328                HAL_SYSTICK_Config
 .text.HAL_SYSTICK_CLKSourceConfig
                0x08000354       0x20 Drivers/STM32F4xx_HAL_Driver/Src/stm32f4xx_hal_cortex.o
                0x08000354                HAL_SYSTICK_CLKSourceConfig
 .text.HAL_SYSTICK_Callback
                0x08000374        0x4 Drivers/STM32F4xx_HAL_Driver/Src/stm32f4xx_hal_cortex.o
                0x08000374                HAL_SYSTICK_Callback
 .text.HAL_SYSTICK_IRQHandler
                0x08000378        0x8 Drivers/STM32F4xx_HAL_Driver/Src/stm32f4xx_hal_cortex.o
                0x08000378                HAL_SYSTICK_IRQHandler
 .text.HAL_GPIO_Init
                0x08000380      0x19c Drivers/STM32F4xx_HAL_Driver/Src/stm32f4xx_hal_gpio.o
                0x08000380                HAL_GPIO_Init
 .text.HAL_GPIO_WritePin
                0x0800051c        0xc Drivers/STM32F4xx_HAL_Driver/Src/stm32f4xx_hal_gpio.o
                0x0800051c                HAL_GPIO_WritePin
 .text.HAL_RCC_OscConfig
                0x08000528      0x3c8 Drivers/STM32F4xx_HAL_Driver/Src/stm32f4xx_hal_rcc.o
                0x08000528                HAL_RCC_OscConfig
 .text.HAL_RCC_GetSysClockFreq
                0x080008f0       0xa4 Drivers/STM32F4xx_HAL_Driver/Src/stm32f4xx_hal_rcc.o
                0x080008f0                HAL_RCC_GetSysClockFreq
 .text.HAL_RCC_ClockConfig
                0x08000994      0x1b0 Drivers/STM32F4xx_HAL_Driver/Src/stm32f4xx_hal_rcc.o
                0x08000994                HAL_RCC_ClockConfig
 .text.HAL_RCC_GetHCLKFreq
                0x08000b44        0xc Drivers/STM32F4xx_HAL_Driver/Src/stm32f4xx_hal_rcc.o
                0x08000b44                HAL_RCC_GetHCLKFreq
 .text.HAL_RCC_GetPCLK1Freq
                0x08000b50       0x30 Drivers/STM32F4xx_HAL_Driver/Src/stm32f4xx_hal_rcc.o
                0x08000b50                HAL_RCC_GetPCLK1Freq
 .text.HAL_RCC_GetPCLK2Freq
                0x08000b80       0x30 Drivers/STM32F4xx_HAL_Driver/Src/stm32f4xx_hal_rcc.o
                0x08000b80                HAL_RCC_GetPCLK2Freq
 .text.UART_SetConfig
                0x08000bb0      0x32c Drivers/STM32F4xx_HAL_Driver/Src/stm32f4xx_hal_uart.o
 .text.UART_WaitOnFlagUntilTimeout
                0x08000edc       0x68 Drivers/STM32F4xx_HAL_Driver/Src/stm32f4xx_hal_uart.o
 .text.HAL_UART_Init
                0x08000f44       0x64 Drivers/STM32F4xx_HAL_Driver/Src/stm32f4xx_hal_uart.o
                0x08000f44                HAL_UART_Init
 .text.HAL_UART_Transmit
                0x08000fa8       0xe4 Drivers/STM32F4xx_HAL_Driver/Src/stm32f4xx_hal_uart.o
                0x08000fa8                HAL_UART_Transmit
 .text.HAL_UART_Receive
                0x0800108c       0xe8 Drivers/STM32F4xx_HAL_Driver/Src/stm32f4xx_hal_uart.o
                0x0800108c                HAL_UART_Receive
 .text.MX_GPIO_Init
                0x08001174       0xec Src/main.o
 .text.printStringToConsole
                0x08001260       0x1c Src/main.o
                0x08001260                printStringToConsole
 .text.processData
                0x0800127c       0x30 Src/main.o
                0x0800127c                processData
 .text.clearArray
                0x080012ac       0x10 Src/main.o
                0x080012ac                clearArray
 .text.compareData
                0x080012bc      0x11c Src/main.o
                0x080012bc                compareData
 .text._Error_Handler
                0x080013d8        0x4 Src/main.o
                0x080013d8                _Error_Handler
 .text.MX_USART1_UART_Init
                0x080013dc       0x3c Src/main.o
 .text.MX_USART2_UART_Init
                0x08001418       0x3c Src/main.o
 .text.MX_USART6_UART_Init
                0x08001454       0x3c Src/main.o
 .text.SystemClock_Config
                0x08001490       0xc4 Src/main.o
                0x08001490                SystemClock_Config
 .text.main     0x08001554       0x60 Src/main.o
                0x08001554                main
 .text.HAL_MspInit
                0x080015b4       0x60 Src/stm32f4xx_hal_msp.o
                0x080015b4                HAL_MspInit
 .text.HAL_UART_MspInit
                0x08001614       0xd8 Src/stm32f4xx_hal_msp.o
                0x08001614                HAL_UART_MspInit
 .text.SysTick_Handler
                0x080016ec        0xc Src/stm32f4xx_it.o
                0x080016ec                SysTick_Handler
 .text.SystemInit
                0x080016f8       0x4c Src/system_stm32f4xx.o
                0x080016f8                SystemInit
 .text.Reset_Handler
                0x08001744       0x50 startup/startup_stm32f401xe.o
                0x08001744                Reset_Handler
 .text.Default_Handler
                0x08001794        0x2 startup/startup_stm32f401xe.o
                0x08001794                RTC_Alarm_IRQHandler
                0x08001794                EXTI2_IRQHandler
                0x08001794                DebugMon_Handler
                0x08001794                SPI4_IRQHandler
                0x08001794                TIM1_CC_IRQHandler
                0x08001794                DMA2_Stream5_IRQHandler
                0x08001794                HardFault_Handler
                0x08001794                DMA1_Stream5_IRQHandler
                0x08001794                PVD_IRQHandler
                0x08001794                SDIO_IRQHandler
                0x08001794                TAMP_STAMP_IRQHandler
                0x08001794                PendSV_Handler
                0x08001794                NMI_Handler
                0x08001794                EXTI3_IRQHandler
                0x08001794                TIM1_UP_TIM10_IRQHandler
                0x08001794                I2C3_ER_IRQHandler
                0x08001794                EXTI0_IRQHandler
                0x08001794                I2C2_EV_IRQHandler
                0x08001794                DMA1_Stream2_IRQHandler
                0x08001794                FPU_IRQHandler
                0x08001794                UsageFault_Handler
                0x08001794                DMA2_Stream2_IRQHandler
                0x08001794                SPI1_IRQHandler
                0x08001794                TIM1_BRK_TIM9_IRQHandler
                0x08001794                DMA2_Stream3_IRQHandler
                0x08001794                USART6_IRQHandler
                0x08001794                DMA2_Stream0_IRQHandler
                0x08001794                TIM4_IRQHandler
                0x08001794                I2C1_EV_IRQHandler
                0x08001794                DMA1_Stream6_IRQHandler
                0x08001794                DMA1_Stream1_IRQHandler
                0x08001794                TIM3_IRQHandler
                0x08001794                RCC_IRQHandler
                0x08001794                Default_Handler
                0x08001794                EXTI15_10_IRQHandler
                0x08001794                ADC_IRQHandler
                0x08001794                DMA1_Stream7_IRQHandler
                0x08001794                TIM5_IRQHandler
                0x08001794                DMA2_Stream7_IRQHandler
                0x08001794                I2C3_EV_IRQHandler
                0x08001794                EXTI9_5_IRQHandler
                0x08001794                RTC_WKUP_IRQHandler
                0x08001794                SPI2_IRQHandler
                0x08001794                MemManage_Handler
                0x08001794                DMA1_Stream0_IRQHandler
                0x08001794                SVC_Handler
                0x08001794                EXTI4_IRQHandler
                0x08001794                WWDG_IRQHandler
                0x08001794                TIM2_IRQHandler
                0x08001794                OTG_FS_WKUP_IRQHandler
                0x08001794                TIM1_TRG_COM_TIM11_IRQHandler
                0x08001794                EXTI1_IRQHandler
                0x08001794                USART2_IRQHandler
                0x08001794                I2C2_ER_IRQHandler
                0x08001794                DMA2_Stream1_IRQHandler
                0x08001794                FLASH_IRQHandler
                0x08001794                DMA2_Stream4_IRQHandler
                0x08001794                BusFault_Handler
                0x08001794                USART1_IRQHandler
                0x08001794                OTG_FS_IRQHandler
                0x08001794                SPI3_IRQHandler
                0x08001794                DMA1_Stream4_IRQHandler
                0x08001794                I2C1_ER_IRQHandler
                0x08001794                DMA2_Stream6_IRQHandler
                0x08001794                DMA1_Stream3_IRQHandler
 *fill*         0x08001796        0x2 
 .text.__libc_init_array
                0x08001798       0x4c c:/users/andrada zoltan/documents/eclipse/eclipse/plugins/fr.ac6.mcu.externaltools.arm-none.win32_1.13.3.201707031232/tools/compiler/bin/../lib/gcc/arm-none-eabi/5.4.1/../../../../arm-none-eabi/lib/armv7e-m/fpu\libc_nano.a(lib_a-init.o)
                0x08001798                __libc_init_array
 .text.__itoa   0x080017e4       0x2e c:/users/andrada zoltan/documents/eclipse/eclipse/plugins/fr.ac6.mcu.externaltools.arm-none.win32_1.13.3.201707031232/tools/compiler/bin/../lib/gcc/arm-none-eabi/5.4.1/../../../../arm-none-eabi/lib/armv7e-m/fpu\libc_nano.a(lib_a-itoa.o)
                0x080017e4                __itoa
 .text.itoa     0x08001812        0x4 c:/users/andrada zoltan/documents/eclipse/eclipse/plugins/fr.ac6.mcu.externaltools.arm-none.win32_1.13.3.201707031232/tools/compiler/bin/../lib/gcc/arm-none-eabi/5.4.1/../../../../arm-none-eabi/lib/armv7e-m/fpu\libc_nano.a(lib_a-itoa.o)
                0x08001812                itoa
 .text.strcat   0x08001816       0x1e c:/users/andrada zoltan/documents/eclipse/eclipse/plugins/fr.ac6.mcu.externaltools.arm-none.win32_1.13.3.201707031232/tools/compiler/bin/../lib/gcc/arm-none-eabi/5.4.1/../../../../arm-none-eabi/lib/armv7e-m/fpu\libc_nano.a(lib_a-strcat.o)
                0x08001816                strcat
 .text.strcpy   0x08001834       0x10 c:/users/andrada zoltan/documents/eclipse/eclipse/plugins/fr.ac6.mcu.externaltools.arm-none.win32_1.13.3.201707031232/tools/compiler/bin/../lib/gcc/arm-none-eabi/5.4.1/../../../../arm-none-eabi/lib/armv7e-m/fpu\libc_nano.a(lib_a-strcpy.o)
                0x08001834                strcpy
 .text.__utoa   0x08001844       0x78 c:/users/andrada zoltan/documents/eclipse/eclipse/plugins/fr.ac6.mcu.externaltools.arm-none.win32_1.13.3.201707031232/tools/compiler/bin/../lib/gcc/arm-none-eabi/5.4.1/../../../../arm-none-eabi/lib/armv7e-m/fpu\libc_nano.a(lib_a-utoa.o)
                0x08001844                __utoa
 *(.glue_7)
 .glue_7        0x080018bc        0x0 linker stubs
 *(.glue_7t)
 .glue_7t       0x080018bc        0x0 linker stubs
 *(.eh_frame)
 .eh_frame      0x080018bc        0x0 c:/users/andrada zoltan/documents/eclipse/eclipse/plugins/fr.ac6.mcu.externaltools.arm-none.win32_1.13.3.201707031232/tools/compiler/bin/../lib/gcc/arm-none-eabi/5.4.1/armv7e-m/fpu/crtbegin.o
 *(.init)
 .init          0x080018bc        0x4 c:/users/andrada zoltan/documents/eclipse/eclipse/plugins/fr.ac6.mcu.externaltools.arm-none.win32_1.13.3.201707031232/tools/compiler/bin/../lib/gcc/arm-none-eabi/5.4.1/armv7e-m/fpu/crti.o
                0x080018bc                _init
 .init          0x080018c0        0x8 c:/users/andrada zoltan/documents/eclipse/eclipse/plugins/fr.ac6.mcu.externaltools.arm-none.win32_1.13.3.201707031232/tools/compiler/bin/../lib/gcc/arm-none-eabi/5.4.1/armv7e-m/fpu/crtn.o
 *(.fini)
 .fini          0x080018c8        0x4 c:/users/andrada zoltan/documents/eclipse/eclipse/plugins/fr.ac6.mcu.externaltools.arm-none.win32_1.13.3.201707031232/tools/compiler/bin/../lib/gcc/arm-none-eabi/5.4.1/armv7e-m/fpu/crti.o
                0x080018c8                _fini
 .fini          0x080018cc        0x8 c:/users/andrada zoltan/documents/eclipse/eclipse/plugins/fr.ac6.mcu.externaltools.arm-none.win32_1.13.3.201707031232/tools/compiler/bin/../lib/gcc/arm-none-eabi/5.4.1/armv7e-m/fpu/crtn.o
                0x080018d4                . = ALIGN (0x4)
                0x080018d4                _etext = .

.vfp11_veneer   0x080018d4        0x0
 .vfp11_veneer  0x080018d4        0x0 linker stubs

.v4_bx          0x080018d4        0x0
 .v4_bx         0x080018d4        0x0 linker stubs

.iplt           0x080018d4        0x0
 .iplt          0x080018d4        0x0 c:/users/andrada zoltan/documents/eclipse/eclipse/plugins/fr.ac6.mcu.externaltools.arm-none.win32_1.13.3.201707031232/tools/compiler/bin/../lib/gcc/arm-none-eabi/5.4.1/armv7e-m/fpu/crtbegin.o

.rodata         0x080018d4       0xc8
                0x080018d4                . = ALIGN (0x4)
 *(.rodata)
 .rodata        0x080018d4       0x18 Src/system_stm32f4xx.o
                0x080018d4                AHBPrescTable
                0x080018e4                APBPrescTable
 *(.rodata*)
 .rodata.str1.4
                0x080018ec       0x88 Src/main.o
 .rodata.str1.1
                0x08001974       0x25 c:/users/andrada zoltan/documents/eclipse/eclipse/plugins/fr.ac6.mcu.externaltools.arm-none.win32_1.13.3.201707031232/tools/compiler/bin/../lib/gcc/arm-none-eabi/5.4.1/../../../../arm-none-eabi/lib/armv7e-m/fpu\libc_nano.a(lib_a-utoa.o)
                0x0800199c                . = ALIGN (0x4)
 *fill*         0x08001999        0x3 

.rel.dyn        0x0800199c        0x0
 .rel.iplt      0x0800199c        0x0 c:/users/andrada zoltan/documents/eclipse/eclipse/plugins/fr.ac6.mcu.externaltools.arm-none.win32_1.13.3.201707031232/tools/compiler/bin/../lib/gcc/arm-none-eabi/5.4.1/armv7e-m/fpu/crtbegin.o

.ARM.extab
 *(.ARM.extab* .gnu.linkonce.armextab.*)

.ARM            0x0800199c        0x0
                0x0800199c                __exidx_start = .
 *(.ARM.exidx*)
                0x0800199c                __exidx_end = .

.preinit_array  0x0800199c        0x0
                0x0800199c                PROVIDE (__preinit_array_start, .)
 *(.preinit_array*)
                0x0800199c                PROVIDE (__preinit_array_end, .)

.init_array     0x0800199c        0x4
                0x0800199c                PROVIDE (__init_array_start, .)
 *(SORT(.init_array.*))
 *(.init_array*)
 .init_array    0x0800199c        0x4 c:/users/andrada zoltan/documents/eclipse/eclipse/plugins/fr.ac6.mcu.externaltools.arm-none.win32_1.13.3.201707031232/tools/compiler/bin/../lib/gcc/arm-none-eabi/5.4.1/armv7e-m/fpu/crtbegin.o
                0x080019a0                PROVIDE (__init_array_end, .)

.fini_array     0x080019a0        0x4
                [!provide]                PROVIDE (__fini_array_start, .)
 *(SORT(.fini_array.*))
 *(.fini_array*)
 .fini_array    0x080019a0        0x4 c:/users/andrada zoltan/documents/eclipse/eclipse/plugins/fr.ac6.mcu.externaltools.arm-none.win32_1.13.3.201707031232/tools/compiler/bin/../lib/gcc/arm-none-eabi/5.4.1/armv7e-m/fpu/crtbegin.o
                [!provide]                PROVIDE (__fini_array_end, .)
                0x080019a4                _sidata = LOADADDR (.data)

.data           0x20000000        0x4 load address 0x080019a4
                0x20000000                . = ALIGN (0x4)
                0x20000000                _sdata = .
 *(.data)
 .data          0x20000000        0x4 Src/system_stm32f4xx.o
                0x20000000                SystemCoreClock
 *(.data*)
                0x20000004                . = ALIGN (0x4)
                0x20000004                _edata = .

.jcr            0x20000004        0x0 load address 0x080019a8
 .jcr           0x20000004        0x0 c:/users/andrada zoltan/documents/eclipse/eclipse/plugins/fr.ac6.mcu.externaltools.arm-none.win32_1.13.3.201707031232/tools/compiler/bin/../lib/gcc/arm-none-eabi/5.4.1/armv7e-m/fpu/crtbegin.o

.igot.plt       0x20000004        0x0 load address 0x080019a8
 .igot.plt      0x20000004        0x0 c:/users/andrada zoltan/documents/eclipse/eclipse/plugins/fr.ac6.mcu.externaltools.arm-none.win32_1.13.3.201707031232/tools/compiler/bin/../lib/gcc/arm-none-eabi/5.4.1/armv7e-m/fpu/crtbegin.o
                0x20000004                . = ALIGN (0x4)

.bss            0x20000004      0x1ac load address 0x080019a8
                0x20000004                _sbss = .
                0x20000004                __bss_start__ = _sbss
 *(.bss)
 .bss           0x20000004       0x1c c:/users/andrada zoltan/documents/eclipse/eclipse/plugins/fr.ac6.mcu.externaltools.arm-none.win32_1.13.3.201707031232/tools/compiler/bin/../lib/gcc/arm-none-eabi/5.4.1/armv7e-m/fpu/crtbegin.o
 *(.bss*)
 *(COMMON)
 COMMON         0x20000020        0x4 Drivers/STM32F4xx_HAL_Driver/Src/stm32f4xx_hal.o
                0x20000020                uwTick
 COMMON         0x20000024      0x18c Src/main.o
                0x20000024                STM_A
                0x20000068                huart1
                0x200000a8                STM_B
                0x200000ec                STM_C
                0x20000130                huart6
                0x20000170                huart2
                0x200001b0                . = ALIGN (0x4)
                0x200001b0                _ebss = .
                0x200001b0                __bss_end__ = _ebss

._user_heap_stack
                0x200001b0      0x600 load address 0x080019a8
                0x200001b0                . = ALIGN (0x8)
                [!provide]                PROVIDE (end, .)
                [!provide]                PROVIDE (_end, .)
                0x200003b0                . = (. + _Min_Heap_Size)
 *fill*         0x200001b0      0x200 
                0x200007b0                . = (. + _Min_Stack_Size)
 *fill*         0x200003b0      0x400 
                0x200007b0                . = ALIGN (0x8)

/DISCARD/
 libc.a(*)
 libm.a(*)
 libgcc.a(*)

.ARM.attributes
                0x00000000       0x30
 *(.ARM.attributes)
 .ARM.attributes
                0x00000000       0x22 c:/users/andrada zoltan/documents/eclipse/eclipse/plugins/fr.ac6.mcu.externaltools.arm-none.win32_1.13.3.201707031232/tools/compiler/bin/../lib/gcc/arm-none-eabi/5.4.1/armv7e-m/fpu/crti.o
 .ARM.attributes
                0x00000022       0x34 c:/users/andrada zoltan/documents/eclipse/eclipse/plugins/fr.ac6.mcu.externaltools.arm-none.win32_1.13.3.201707031232/tools/compiler/bin/../lib/gcc/arm-none-eabi/5.4.1/armv7e-m/fpu/crtbegin.o
 .ARM.attributes
                0x00000056       0x39 Drivers/STM32F4xx_HAL_Driver/Src/stm32f4xx_hal.o
 .ARM.attributes
                0x0000008f       0x39 Drivers/STM32F4xx_HAL_Driver/Src/stm32f4xx_hal_cortex.o
 .ARM.attributes
                0x000000c8       0x39 Drivers/STM32F4xx_HAL_Driver/Src/stm32f4xx_hal_gpio.o
 .ARM.attributes
                0x00000101       0x39 Drivers/STM32F4xx_HAL_Driver/Src/stm32f4xx_hal_rcc.o
 .ARM.attributes
                0x0000013a       0x39 Drivers/STM32F4xx_HAL_Driver/Src/stm32f4xx_hal_uart.o
 .ARM.attributes
                0x00000173       0x39 Src/main.o
 .ARM.attributes
                0x000001ac       0x39 Src/stm32f4xx_hal_msp.o
 .ARM.attributes
                0x000001e5       0x39 Src/stm32f4xx_it.o
 .ARM.attributes
                0x0000021e       0x39 Src/system_stm32f4xx.o
 .ARM.attributes
                0x00000257       0x21 startup/startup_stm32f401xe.o
 .ARM.attributes
                0x00000278       0x34 c:/users/andrada zoltan/documents/eclipse/eclipse/plugins/fr.ac6.mcu.externaltools.arm-none.win32_1.13.3.201707031232/tools/compiler/bin/../lib/gcc/arm-none-eabi/5.4.1/../../../../arm-none-eabi/lib/armv7e-m/fpu\libc_nano.a(lib_a-init.o)
 .ARM.attributes
                0x000002ac       0x34 c:/users/andrada zoltan/documents/eclipse/eclipse/plugins/fr.ac6.mcu.externaltools.arm-none.win32_1.13.3.201707031232/tools/compiler/bin/../lib/gcc/arm-none-eabi/5.4.1/../../../../arm-none-eabi/lib/armv7e-m/fpu\libc_nano.a(lib_a-itoa.o)
 .ARM.attributes
                0x000002e0       0x34 c:/users/andrada zoltan/documents/eclipse/eclipse/plugins/fr.ac6.mcu.externaltools.arm-none.win32_1.13.3.201707031232/tools/compiler/bin/../lib/gcc/arm-none-eabi/5.4.1/../../../../arm-none-eabi/lib/armv7e-m/fpu\libc_nano.a(lib_a-strcat.o)
 .ARM.attributes
                0x00000314       0x34 c:/users/andrada zoltan/documents/eclipse/eclipse/plugins/fr.ac6.mcu.externaltools.arm-none.win32_1.13.3.201707031232/tools/compiler/bin/../lib/gcc/arm-none-eabi/5.4.1/../../../../arm-none-eabi/lib/armv7e-m/fpu\libc_nano.a(lib_a-strcpy.o)
 .ARM.attributes
                0x00000348       0x1b c:/users/andrada zoltan/documents/eclipse/eclipse/plugins/fr.ac6.mcu.externaltools.arm-none.win32_1.13.3.201707031232/tools/compiler/bin/../lib/gcc/arm-none-eabi/5.4.1/../../../../arm-none-eabi/lib/armv7e-m/fpu\libc_nano.a(lib_a-strlen.o)
 .ARM.attributes
                0x00000363       0x34 c:/users/andrada zoltan/documents/eclipse/eclipse/plugins/fr.ac6.mcu.externaltools.arm-none.win32_1.13.3.201707031232/tools/compiler/bin/../lib/gcc/arm-none-eabi/5.4.1/../../../../arm-none-eabi/lib/armv7e-m/fpu\libc_nano.a(lib_a-utoa.o)
 .ARM.attributes
                0x00000397       0x22 c:/users/andrada zoltan/documents/eclipse/eclipse/plugins/fr.ac6.mcu.externaltools.arm-none.win32_1.13.3.201707031232/tools/compiler/bin/../lib/gcc/arm-none-eabi/5.4.1/armv7e-m/fpu/crtn.o
OUTPUT(A_Code.elf elf32-littlearm)

.debug_info     0x00000000     0x6ce8
 .debug_info    0x00000000      0x8b6 Drivers/STM32F4xx_HAL_Driver/Src/stm32f4xx_hal.o
 .debug_info    0x000008b6      0xe77 Drivers/STM32F4xx_HAL_Driver/Src/stm32f4xx_hal_cortex.o
 .debug_info    0x0000172d      0x753 Drivers/STM32F4xx_HAL_Driver/Src/stm32f4xx_hal_gpio.o
 .debug_info    0x00001e80      0xd0f Drivers/STM32F4xx_HAL_Driver/Src/stm32f4xx_hal_rcc.o
 .debug_info    0x00002b8f     0x16ac Drivers/STM32F4xx_HAL_Driver/Src/stm32f4xx_hal_uart.o
 .debug_info    0x0000423b     0x14fc Src/main.o
 .debug_info    0x00005737      0xf1f Src/stm32f4xx_hal_msp.o
 .debug_info    0x00006656       0xeb Src/stm32f4xx_it.o
 .debug_info    0x00006741      0x52a Src/system_stm32f4xx.o
 .debug_info    0x00006c6b       0x7d startup/startup_stm32f401xe.o

.debug_abbrev   0x00000000     0x1274
 .debug_abbrev  0x00000000      0x287 Drivers/STM32F4xx_HAL_Driver/Src/stm32f4xx_hal.o
 .debug_abbrev  0x00000287      0x2fe Drivers/STM32F4xx_HAL_Driver/Src/stm32f4xx_hal_cortex.o
 .debug_abbrev  0x00000585      0x1cd Drivers/STM32F4xx_HAL_Driver/Src/stm32f4xx_hal_gpio.o
 .debug_abbrev  0x00000752      0x2b0 Drivers/STM32F4xx_HAL_Driver/Src/stm32f4xx_hal_rcc.o
 .debug_abbrev  0x00000a02      0x27e Drivers/STM32F4xx_HAL_Driver/Src/stm32f4xx_hal_uart.o
 .debug_abbrev  0x00000c80      0x296 Src/main.o
 .debug_abbrev  0x00000f16      0x1af Src/stm32f4xx_hal_msp.o
 .debug_abbrev  0x000010c5       0x99 Src/stm32f4xx_it.o
 .debug_abbrev  0x0000115e      0x104 Src/system_stm32f4xx.o
 .debug_abbrev  0x00001262       0x12 startup/startup_stm32f401xe.o

.debug_loc      0x00000000     0x26e2
 .debug_loc     0x00000000       0x91 Drivers/STM32F4xx_HAL_Driver/Src/stm32f4xx_hal.o
 .debug_loc     0x00000091      0x548 Drivers/STM32F4xx_HAL_Driver/Src/stm32f4xx_hal_cortex.o
 .debug_loc     0x000005d9      0x39a Drivers/STM32F4xx_HAL_Driver/Src/stm32f4xx_hal_gpio.o
 .debug_loc     0x00000973      0x622 Drivers/STM32F4xx_HAL_Driver/Src/stm32f4xx_hal_rcc.o
 .debug_loc     0x00000f95     0x137a Drivers/STM32F4xx_HAL_Driver/Src/stm32f4xx_hal_uart.o
 .debug_loc     0x0000230f      0x1ae Src/main.o
 .debug_loc     0x000024bd       0xf3 Src/stm32f4xx_hal_msp.o
 .debug_loc     0x000025b0      0x132 Src/system_stm32f4xx.o

.debug_aranges  0x00000000      0x548
 .debug_aranges
                0x00000000       0xc8 Drivers/STM32F4xx_HAL_Driver/Src/stm32f4xx_hal.o
 .debug_aranges
                0x000000c8       0xa8 Drivers/STM32F4xx_HAL_Driver/Src/stm32f4xx_hal_cortex.o
 .debug_aranges
                0x00000170       0x58 Drivers/STM32F4xx_HAL_Driver/Src/stm32f4xx_hal_gpio.o
 .debug_aranges
                0x000001c8       0x88 Drivers/STM32F4xx_HAL_Driver/Src/stm32f4xx_hal_rcc.o
 .debug_aranges
                0x00000250      0x1d0 Drivers/STM32F4xx_HAL_Driver/Src/stm32f4xx_hal_uart.o
 .debug_aranges
                0x00000420       0x78 Src/main.o
 .debug_aranges
                0x00000498       0x40 Src/stm32f4xx_hal_msp.o
 .debug_aranges
                0x000004d8       0x20 Src/stm32f4xx_it.o
 .debug_aranges
                0x000004f8       0x28 Src/system_stm32f4xx.o
 .debug_aranges
                0x00000520       0x28 startup/startup_stm32f401xe.o

.debug_ranges   0x00000000      0x4b0
 .debug_ranges  0x00000000       0xb8 Drivers/STM32F4xx_HAL_Driver/Src/stm32f4xx_hal.o
 .debug_ranges  0x000000b8       0x98 Drivers/STM32F4xx_HAL_Driver/Src/stm32f4xx_hal_cortex.o
 .debug_ranges  0x00000150       0x48 Drivers/STM32F4xx_HAL_Driver/Src/stm32f4xx_hal_gpio.o
 .debug_ranges  0x00000198       0x78 Drivers/STM32F4xx_HAL_Driver/Src/stm32f4xx_hal_rcc.o
 .debug_ranges  0x00000210      0x1c0 Drivers/STM32F4xx_HAL_Driver/Src/stm32f4xx_hal_uart.o
 .debug_ranges  0x000003d0       0x68 Src/main.o
 .debug_ranges  0x00000438       0x30 Src/stm32f4xx_hal_msp.o
 .debug_ranges  0x00000468       0x10 Src/stm32f4xx_it.o
 .debug_ranges  0x00000478       0x18 Src/system_stm32f4xx.o
 .debug_ranges  0x00000490       0x20 startup/startup_stm32f401xe.o

.debug_macro    0x00000000    0x15cb5
 .debug_macro   0x00000000      0x36e Drivers/STM32F4xx_HAL_Driver/Src/stm32f4xx_hal.o
 .debug_macro   0x0000036e      0x898 Drivers/STM32F4xx_HAL_Driver/Src/stm32f4xx_hal.o
 .debug_macro   0x00000c06       0x64 Drivers/STM32F4xx_HAL_Driver/Src/stm32f4xx_hal.o
 .debug_macro   0x00000c6a      0x180 Drivers/STM32F4xx_HAL_Driver/Src/stm32f4xx_hal.o
 .debug_macro   0x00000dea       0x33 Drivers/STM32F4xx_HAL_Driver/Src/stm32f4xx_hal.o
 .debug_macro   0x00000e1d       0x28 Drivers/STM32F4xx_HAL_Driver/Src/stm32f4xx_hal.o
 .debug_macro   0x00000e45       0x22 Drivers/STM32F4xx_HAL_Driver/Src/stm32f4xx_hal.o
 .debug_macro   0x00000e67       0x87 Drivers/STM32F4xx_HAL_Driver/Src/stm32f4xx_hal.o
 .debug_macro   0x00000eee       0x44 Drivers/STM32F4xx_HAL_Driver/Src/stm32f4xx_hal.o
 .debug_macro   0x00000f32       0xfd Drivers/STM32F4xx_HAL_Driver/Src/stm32f4xx_hal.o
 .debug_macro   0x0000102f       0x5e Drivers/STM32F4xx_HAL_Driver/Src/stm32f4xx_hal.o
 .debug_macro   0x0000108d      0x1df Drivers/STM32F4xx_HAL_Driver/Src/stm32f4xx_hal.o
 .debug_macro   0x0000126c       0x35 Drivers/STM32F4xx_HAL_Driver/Src/stm32f4xx_hal.o
 .debug_macro   0x000012a1       0x50 Drivers/STM32F4xx_HAL_Driver/Src/stm32f4xx_hal.o
 .debug_macro   0x000012f1      0xe66 Drivers/STM32F4xx_HAL_Driver/Src/stm32f4xx_hal.o
 .debug_macro   0x00002157     0xb81f Drivers/STM32F4xx_HAL_Driver/Src/stm32f4xx_hal.o
 .debug_macro   0x0000d976       0x43 Drivers/STM32F4xx_HAL_Driver/Src/stm32f4xx_hal.o
 .debug_macro   0x0000d9b9     0x3574 Drivers/STM32F4xx_HAL_Driver/Src/stm32f4xx_hal.o
 .debug_macro   0x00010f2d       0x52 Drivers/STM32F4xx_HAL_Driver/Src/stm32f4xx_hal.o
 .debug_macro   0x00010f7f       0x35 Drivers/STM32F4xx_HAL_Driver/Src/stm32f4xx_hal.o
 .debug_macro   0x00010fb4       0x9c Drivers/STM32F4xx_HAL_Driver/Src/stm32f4xx_hal.o
 .debug_macro   0x00011050       0x16 Drivers/STM32F4xx_HAL_Driver/Src/stm32f4xx_hal.o
 .debug_macro   0x00011066       0x97 Drivers/STM32F4xx_HAL_Driver/Src/stm32f4xx_hal.o
 .debug_macro   0x000110fd      0x30d Drivers/STM32F4xx_HAL_Driver/Src/stm32f4xx_hal.o
 .debug_macro   0x0001140a       0xfd Drivers/STM32F4xx_HAL_Driver/Src/stm32f4xx_hal.o
 .debug_macro   0x00011507       0x10 Drivers/STM32F4xx_HAL_Driver/Src/stm32f4xx_hal.o
 .debug_macro   0x00011517       0x52 Drivers/STM32F4xx_HAL_Driver/Src/stm32f4xx_hal.o
 .debug_macro   0x00011569       0x1f Drivers/STM32F4xx_HAL_Driver/Src/stm32f4xx_hal.o
 .debug_macro   0x00011588       0x43 Drivers/STM32F4xx_HAL_Driver/Src/stm32f4xx_hal.o
 .debug_macro   0x000115cb       0x20 Drivers/STM32F4xx_HAL_Driver/Src/stm32f4xx_hal.o
 .debug_macro   0x000115eb      0x187 Drivers/STM32F4xx_HAL_Driver/Src/stm32f4xx_hal.o
 .debug_macro   0x00011772       0x10 Drivers/STM32F4xx_HAL_Driver/Src/stm32f4xx_hal.o
 .debug_macro   0x00011782       0x1c Drivers/STM32F4xx_HAL_Driver/Src/stm32f4xx_hal.o
 .debug_macro   0x0001179e       0x52 Drivers/STM32F4xx_HAL_Driver/Src/stm32f4xx_hal.o
 .debug_macro   0x000117f0       0x40 Drivers/STM32F4xx_HAL_Driver/Src/stm32f4xx_hal.o
 .debug_macro   0x00011830       0x10 Drivers/STM32F4xx_HAL_Driver/Src/stm32f4xx_hal.o
 .debug_macro   0x00011840       0x40 Drivers/STM32F4xx_HAL_Driver/Src/stm32f4xx_hal.o
 .debug_macro   0x00011880       0xd7 Drivers/STM32F4xx_HAL_Driver/Src/stm32f4xx_hal.o
 .debug_macro   0x00011957       0x16 Drivers/STM32F4xx_HAL_Driver/Src/stm32f4xx_hal.o
 .debug_macro   0x0001196d      0x18b Drivers/STM32F4xx_HAL_Driver/Src/stm32f4xx_hal.o
 .debug_macro   0x00011af8       0x50 Drivers/STM32F4xx_HAL_Driver/Src/stm32f4xx_hal.o
 .debug_macro   0x00011b48      0x416 Drivers/STM32F4xx_HAL_Driver/Src/stm32f4xx_hal.o
 .debug_macro   0x00011f5e      0x9e1 Drivers/STM32F4xx_HAL_Driver/Src/stm32f4xx_hal.o
 .debug_macro   0x0001293f      0x11e Drivers/STM32F4xx_HAL_Driver/Src/stm32f4xx_hal.o
 .debug_macro   0x00012a5d       0xf8 Drivers/STM32F4xx_HAL_Driver/Src/stm32f4xx_hal.o
 .debug_macro   0x00012b55       0x27 Drivers/STM32F4xx_HAL_Driver/Src/stm32f4xx_hal.o
 .debug_macro   0x00012b7c      0x287 Drivers/STM32F4xx_HAL_Driver/Src/stm32f4xx_hal.o
 .debug_macro   0x00012e03       0x5f Drivers/STM32F4xx_HAL_Driver/Src/stm32f4xx_hal.o
 .debug_macro   0x00012e62      0x23a Drivers/STM32F4xx_HAL_Driver/Src/stm32f4xx_hal.o
 .debug_macro   0x0001309c      0x13a Drivers/STM32F4xx_HAL_Driver/Src/stm32f4xx_hal.o
 .debug_macro   0x000131d6      0x264 Drivers/STM32F4xx_HAL_Driver/Src/stm32f4xx_hal.o
 .debug_macro   0x0001343a       0x2e Drivers/STM32F4xx_HAL_Driver/Src/stm32f4xx_hal.o
 .debug_macro   0x00013468      0x11e Drivers/STM32F4xx_HAL_Driver/Src/stm32f4xx_hal.o
 .debug_macro   0x00013586       0x85 Drivers/STM32F4xx_HAL_Driver/Src/stm32f4xx_hal.o
 .debug_macro   0x0001360b       0x89 Drivers/STM32F4xx_HAL_Driver/Src/stm32f4xx_hal.o
 .debug_macro   0x00013694      0x6e0 Drivers/STM32F4xx_HAL_Driver/Src/stm32f4xx_hal.o
 .debug_macro   0x00013d74       0x5b Drivers/STM32F4xx_HAL_Driver/Src/stm32f4xx_hal.o
 .debug_macro   0x00013dcf      0x14d Drivers/STM32F4xx_HAL_Driver/Src/stm32f4xx_hal.o
 .debug_macro   0x00013f1c      0x287 Drivers/STM32F4xx_HAL_Driver/Src/stm32f4xx_hal.o
 .debug_macro   0x000141a3      0x11e Drivers/STM32F4xx_HAL_Driver/Src/stm32f4xx_hal.o
 .debug_macro   0x000142c1      0x30e Drivers/STM32F4xx_HAL_Driver/Src/stm32f4xx_hal_cortex.o
 .debug_macro   0x000145cf      0x346 Drivers/STM32F4xx_HAL_Driver/Src/stm32f4xx_hal_gpio.o
 .debug_macro   0x00014915      0x338 Drivers/STM32F4xx_HAL_Driver/Src/stm32f4xx_hal_rcc.o
 .debug_macro   0x00014c4d      0x30f Drivers/STM32F4xx_HAL_Driver/Src/stm32f4xx_hal_uart.o
 .debug_macro   0x00014f5c      0x37f Src/main.o
 .debug_macro   0x000152db       0x16 Src/main.o
 .debug_macro   0x000152f1       0x35 Src/main.o
 .debug_macro   0x00015326       0x16 Src/main.o
 .debug_macro   0x0001533c       0x16 Src/main.o
 .debug_macro   0x00015352       0x29 Src/main.o
 .debug_macro   0x0001537b      0x30e Src/stm32f4xx_hal_msp.o
 .debug_macro   0x00015689      0x318 Src/stm32f4xx_it.o
 .debug_macro   0x000159a1      0x314 Src/system_stm32f4xx.o

.debug_line     0x00000000     0x5d94
 .debug_line    0x00000000      0x9e2 Drivers/STM32F4xx_HAL_Driver/Src/stm32f4xx_hal.o
 .debug_line    0x000009e2      0xa3f Drivers/STM32F4xx_HAL_Driver/Src/stm32f4xx_hal_cortex.o
 .debug_line    0x00001421      0x999 Drivers/STM32F4xx_HAL_Driver/Src/stm32f4xx_hal_gpio.o
 .debug_line    0x00001dba      0xb5f Drivers/STM32F4xx_HAL_Driver/Src/stm32f4xx_hal_rcc.o
 .debug_line    0x00002919     0x10dc Drivers/STM32F4xx_HAL_Driver/Src/stm32f4xx_hal_uart.o
 .debug_line    0x000039f5      0x9e3 Src/main.o
 .debug_line    0x000043d8      0x8a3 Src/stm32f4xx_hal_msp.o
 .debug_line    0x00004c7b      0x83f Src/stm32f4xx_it.o
 .debug_line    0x000054ba      0x85b Src/system_stm32f4xx.o
 .debug_line    0x00005d15       0x7f startup/startup_stm32f401xe.o

.debug_str      0x00000000    0x844ef
 .debug_str     0x00000000    0x82cab Drivers/STM32F4xx_HAL_Driver/Src/stm32f4xx_hal.o
                              0x8302f (size before relaxing)
 .debug_str     0x00082cab      0x3b8 Drivers/STM32F4xx_HAL_Driver/Src/stm32f4xx_hal_cortex.o
                              0x82de5 (size before relaxing)
 .debug_str     0x00083063      0x292 Drivers/STM32F4xx_HAL_Driver/Src/stm32f4xx_hal_gpio.o
                              0x828ec (size before relaxing)
 .debug_str     0x000832f5      0x39c Drivers/STM32F4xx_HAL_Driver/Src/stm32f4xx_hal_rcc.o
                              0x82ae9 (size before relaxing)
 .debug_str     0x00083691      0x936 Drivers/STM32F4xx_HAL_Driver/Src/stm32f4xx_hal_uart.o
                              0x82f1f (size before relaxing)
 .debug_str     0x00083fc7      0x2c2 Src/main.o
                              0x832eb (size before relaxing)
 .debug_str     0x00084289      0x1d4 Src/stm32f4xx_hal_msp.o
                              0x8309e (size before relaxing)
 .debug_str     0x0008445d       0x38 Src/stm32f4xx_it.o
                              0x82510 (size before relaxing)
 .debug_str     0x00084495       0x5a Src/system_stm32f4xx.o
                              0x826d4 (size before relaxing)

.comment        0x00000000       0x6e
 .comment       0x00000000       0x6e Drivers/STM32F4xx_HAL_Driver/Src/stm32f4xx_hal.o
                                 0x6f (size before relaxing)
 .comment       0x0000006e       0x6f Drivers/STM32F4xx_HAL_Driver/Src/stm32f4xx_hal_cortex.o
 .comment       0x0000006e       0x6f Drivers/STM32F4xx_HAL_Driver/Src/stm32f4xx_hal_gpio.o
 .comment       0x0000006e       0x6f Drivers/STM32F4xx_HAL_Driver/Src/stm32f4xx_hal_rcc.o
 .comment       0x0000006e       0x6f Drivers/STM32F4xx_HAL_Driver/Src/stm32f4xx_hal_uart.o
 .comment       0x0000006e       0x6f Src/main.o
 .comment       0x0000006e       0x6f Src/stm32f4xx_hal_msp.o
 .comment       0x0000006e       0x6f Src/stm32f4xx_it.o
 .comment       0x0000006e       0x6f Src/system_stm32f4xx.o

.debug_frame    0x00000000      0xd0c
 .debug_frame   0x00000000      0x198 Drivers/STM32F4xx_HAL_Driver/Src/stm32f4xx_hal.o
 .debug_frame   0x00000198      0x154 Drivers/STM32F4xx_HAL_Driver/Src/stm32f4xx_hal_cortex.o
 .debug_frame   0x000002ec       0xc4 Drivers/STM32F4xx_HAL_Driver/Src/stm32f4xx_hal_gpio.o
 .debug_frame   0x000003b0      0x150 Drivers/STM32F4xx_HAL_Driver/Src/stm32f4xx_hal_rcc.o
 .debug_frame   0x00000500      0x4e8 Drivers/STM32F4xx_HAL_Driver/Src/stm32f4xx_hal_uart.o
 .debug_frame   0x000009e8      0x148 Src/main.o
 .debug_frame   0x00000b30       0x94 Src/stm32f4xx_hal_msp.o
 .debug_frame   0x00000bc4       0x28 Src/stm32f4xx_it.o
 .debug_frame   0x00000bec       0x30 Src/system_stm32f4xx.o
 .debug_frame   0x00000c1c       0x2c c:/users/andrada zoltan/documents/eclipse/eclipse/plugins/fr.ac6.mcu.externaltools.arm-none.win32_1.13.3.201707031232/tools/compiler/bin/../lib/gcc/arm-none-eabi/5.4.1/../../../../arm-none-eabi/lib/armv7e-m/fpu\libc_nano.a(lib_a-init.o)
 .debug_frame   0x00000c48       0x38 c:/users/andrada zoltan/documents/eclipse/eclipse/plugins/fr.ac6.mcu.externaltools.arm-none.win32_1.13.3.201707031232/tools/compiler/bin/../lib/gcc/arm-none-eabi/5.4.1/../../../../arm-none-eabi/lib/armv7e-m/fpu\libc_nano.a(lib_a-itoa.o)
 .debug_frame   0x00000c80       0x28 c:/users/andrada zoltan/documents/eclipse/eclipse/plugins/fr.ac6.mcu.externaltools.arm-none.win32_1.13.3.201707031232/tools/compiler/bin/../lib/gcc/arm-none-eabi/5.4.1/../../../../arm-none-eabi/lib/armv7e-m/fpu\libc_nano.a(lib_a-strcat.o)
 .debug_frame   0x00000ca8       0x20 c:/users/andrada zoltan/documents/eclipse/eclipse/plugins/fr.ac6.mcu.externaltools.arm-none.win32_1.13.3.201707031232/tools/compiler/bin/../lib/gcc/arm-none-eabi/5.4.1/../../../../arm-none-eabi/lib/armv7e-m/fpu\libc_nano.a(lib_a-strcpy.o)
 .debug_frame   0x00000cc8       0x44 c:/users/andrada zoltan/documents/eclipse/eclipse/plugins/fr.ac6.mcu.externaltools.arm-none.win32_1.13.3.201707031232/tools/compiler/bin/../lib/gcc/arm-none-eabi/5.4.1/../../../../arm-none-eabi/lib/armv7e-m/fpu\libc_nano.a(lib_a-utoa.o)
